#! /c/Source/iverilog-install/bin/vvp
:ivl_version "12.0 (devel)" "(s20150603-1539-g2693dd32b)";
:ivl_delay_selection "TYPICAL";
:vpi_time_precision + 0;
:vpi_module "C:\iverilog\lib\ivl\system.vpi";
:vpi_module "C:\iverilog\lib\ivl\vhdl_sys.vpi";
:vpi_module "C:\iverilog\lib\ivl\vhdl_textio.vpi";
:vpi_module "C:\iverilog\lib\ivl\v2005_math.vpi";
:vpi_module "C:\iverilog\lib\ivl\va_math.vpi";
:vpi_module "C:\iverilog\lib\ivl\v2009.vpi";
S_0000011e980f3ea0 .scope package, "$unit" "$unit" 2 1;
 .timescale 0 0;
S_0000011e980f4030 .scope module, "testbench" "testbench" 3 1;
 .timescale 0 0;
P_0000011e980d8430 .param/l "N" 1 3 3, +C4<00000000000000000000000000001000>;
P_0000011e980d8468 .param/l "S" 1 3 3, +C4<00000000000000000000000000000011>;
v0000011e98165f90_0 .var "a", 7 0;
v0000011e98165270 .array "res", 7 0;
v0000011e98165270_0 .net v0000011e98165270 0, 7 0, L_0000011e98166e90; 1 drivers
v0000011e98165270_1 .net v0000011e98165270 1, 7 0, L_0000011e98166a30; 1 drivers
v0000011e98165270_2 .net v0000011e98165270 2, 7 0, v0000011e98165090_0; 1 drivers
v0000011e98165270_3 .net v0000011e98165270 3, 7 0, L_0000011e98166030; 1 drivers
v0000011e98165270_4 .net v0000011e98165270 4, 7 0, L_0000011e981651d0; 1 drivers
v0000011e98165270_5 .net v0000011e98165270 5, 7 0, L_0000011e981654f0; 1 drivers
v0000011e98165270_6 .net v0000011e98165270 6, 7 0, v0000011e981662b0_0; 1 drivers
v0000011e98165270_7 .net v0000011e98165270 7, 7 0, L_0000011e9816f700; 1 drivers
S_0000011e980e8bf0 .scope begin, "$ivl_for_loop2" "$ivl_for_loop2" 3 33, 3 33 0, S_0000011e980f4030;
 .timescale 0 0;
v0000011e98102d90_0 .var/2s "i", 31 0;
S_0000011e980e8d80 .scope begin, "$ivl_for_loop3" "$ivl_for_loop3" 3 38, 3 38 0, S_0000011e980f4030;
 .timescale 0 0;
v0000011e98103150_0 .var/2s "i", 31 0;
S_0000011e980eccb0 .scope module, "i0" "left_shift_of_8_by_3_using_left_shift_operation" 3 7, 4 5 0, S_0000011e980f4030;
 .timescale 0 0;
    .port_info 0 /INPUT 8 "a";
    .port_info 1 /OUTPUT 8 "res";
v0000011e98102890_0 .net *"_ivl_2", 4 0, L_0000011e98166990;  1 drivers
L_0000011e981a0088 .functor BUFT 1, C4<000>, C4<0>, C4<0>, C4<0>;
v0000011e98103010_0 .net *"_ivl_4", 2 0, L_0000011e981a0088;  1 drivers
v0000011e98102f70_0 .net "a", 7 0, v0000011e98165f90_0;  1 drivers
v0000011e98102b10_0 .net "res", 7 0, L_0000011e98166e90;  alias, 1 drivers
L_0000011e98166990 .part v0000011e98165f90_0, 0, 5;
L_0000011e98166e90 .concat [ 3 5 0 0], L_0000011e981a0088, L_0000011e98166990;
S_0000011e980ece40 .scope module, "i1" "left_shift_of_8_by_3_using_concatenation" 3 8, 4 14 0, S_0000011e980f4030;
 .timescale 0 0;
    .port_info 0 /INPUT 8 "a";
    .port_info 1 /OUTPUT 8 "res";
v0000011e981031f0_0 .net *"_ivl_1", 4 0, L_0000011e98165770;  1 drivers
L_0000011e981a00d0 .functor BUFT 1, C4<000>, C4<0>, C4<0>, C4<0>;
v0000011e98103290_0 .net/2u *"_ivl_2", 2 0, L_0000011e981a00d0;  1 drivers
v0000011e98103330_0 .net "a", 7 0, v0000011e98165f90_0;  alias, 1 drivers
v0000011e98102610_0 .net "res", 7 0, L_0000011e98166a30;  alias, 1 drivers
L_0000011e98165770 .part v0000011e98165f90_0, 0, 5;
L_0000011e98166a30 .concat [ 3 5 0 0], L_0000011e981a00d0, L_0000011e98165770;
S_0000011e980eabe0 .scope module, "i2" "left_shift_of_8_by_3_using_for_inside_always" 3 9, 4 22 0, S_0000011e980f4030;
 .timescale 0 0;
    .port_info 0 /INPUT 8 "a";
    .port_info 1 /OUTPUT 8 "res";
v0000011e981653b0_0 .net "a", 7 0, v0000011e98165f90_0;  alias, 1 drivers
v0000011e98165090_0 .var "res", 7 0;
E_0000011e98107040 .event anyedge, v0000011e98102f70_0;
S_0000011e980ead70 .scope begin, "$ivl_for_loop0" "$ivl_for_loop0" 4 25, 4 25 0, S_0000011e980eabe0;
 .timescale 0 0;
v0000011e98103470_0 .var/2s "i", 31 0;
S_0000011e980e7420 .scope module, "i3" "left_shift_of_8_by_3_using_for_inside_generate" 3 10, 4 33 0, S_0000011e980f4030;
 .timescale 0 0;
    .port_info 0 /INPUT 8 "a";
    .port_info 1 /OUTPUT 8 "res";
v0000011e98166b70_0 .net "a", 7 0, v0000011e98165f90_0;  alias, 1 drivers
v0000011e98165590_0 .net "res", 7 0, L_0000011e98166030;  alias, 1 drivers
L_0000011e98165950 .part v0000011e98165f90_0, 0, 1;
L_0000011e98166c10 .part v0000011e98165f90_0, 1, 1;
L_0000011e98165a90 .part v0000011e98165f90_0, 2, 1;
L_0000011e98166d50 .part v0000011e98165f90_0, 3, 1;
L_0000011e981a0118 .functor BUFT 1, C4<0>, C4<0>, C4<0>, C4<0>;
L_0000011e981a0160 .functor BUFT 1, C4<0>, C4<0>, C4<0>, C4<0>;
L_0000011e981a01a8 .functor BUFT 1, C4<0>, C4<0>, C4<0>, C4<0>;
LS_0000011e98166030_0_0 .concat8 [ 1 1 1 1], L_0000011e981a0118, L_0000011e981a0160, L_0000011e981a01a8, L_0000011e98165950;
LS_0000011e98166030_0_4 .concat8 [ 1 1 1 1], L_0000011e98166c10, L_0000011e98165a90, L_0000011e98166d50, L_0000011e98166f30;
L_0000011e98166030 .concat8 [ 4 4 0 0], LS_0000011e98166030_0_0, LS_0000011e98166030_0_4;
L_0000011e98166f30 .part v0000011e98165f90_0, 4, 1;
S_0000011e980e75b0 .scope generate, "genblk1[0]" "genblk1[0]" 4 38, 4 38 0, S_0000011e980e7420;
 .timescale 0 0;
P_0000011e98107280 .param/l "i" 0 4 38, +C4<00>;
S_0000011e9809e1d0 .scope generate, "zero_bit_gen" "zero_bit_gen" 4 39, 4 39 0, S_0000011e980e75b0;
 .timescale 0 0;
v0000011e98166530_0 .net/2u *"_ivl_0", 0 0, L_0000011e981a0118;  1 drivers
S_0000011e9809e360 .scope generate, "genblk1[1]" "genblk1[1]" 4 38, 4 38 0, S_0000011e980e7420;
 .timescale 0 0;
P_0000011e98106cc0 .param/l "i" 0 4 38, +C4<01>;
S_0000011e9809da30 .scope generate, "zero_bit_gen" "zero_bit_gen" 4 39, 4 39 0, S_0000011e9809e360;
 .timescale 0 0;
v0000011e981656d0_0 .net/2u *"_ivl_0", 0 0, L_0000011e981a0160;  1 drivers
S_0000011e9809dbc0 .scope generate, "genblk1[2]" "genblk1[2]" 4 38, 4 38 0, S_0000011e980e7420;
 .timescale 0 0;
P_0000011e98107080 .param/l "i" 0 4 38, +C4<010>;
S_0000011e980b2510 .scope generate, "zero_bit_gen" "zero_bit_gen" 4 39, 4 39 0, S_0000011e9809dbc0;
 .timescale 0 0;
v0000011e98166710_0 .net/2u *"_ivl_0", 0 0, L_0000011e981a01a8;  1 drivers
S_0000011e98167550 .scope generate, "genblk1[3]" "genblk1[3]" 4 38, 4 38 0, S_0000011e980e7420;
 .timescale 0 0;
P_0000011e98106800 .param/l "i" 0 4 38, +C4<011>;
S_0000011e98167eb0 .scope generate, "shifted_bit_gen" "shifted_bit_gen" 4 39, 4 39 0, S_0000011e98167550;
 .timescale 0 0;
v0000011e98166170_0 .net *"_ivl_0", 0 0, L_0000011e98165950;  1 drivers
S_0000011e981670a0 .scope generate, "genblk1[4]" "genblk1[4]" 4 38, 4 38 0, S_0000011e980e7420;
 .timescale 0 0;
P_0000011e981070c0 .param/l "i" 0 4 38, +C4<0100>;
S_0000011e981676e0 .scope generate, "shifted_bit_gen" "shifted_bit_gen" 4 39, 4 39 0, S_0000011e981670a0;
 .timescale 0 0;
v0000011e98165db0_0 .net *"_ivl_0", 0 0, L_0000011e98166c10;  1 drivers
S_0000011e98167870 .scope generate, "genblk1[5]" "genblk1[5]" 4 38, 4 38 0, S_0000011e980e7420;
 .timescale 0 0;
P_0000011e98106440 .param/l "i" 0 4 38, +C4<0101>;
S_0000011e98167a00 .scope generate, "shifted_bit_gen" "shifted_bit_gen" 4 39, 4 39 0, S_0000011e98167870;
 .timescale 0 0;
v0000011e98166350_0 .net *"_ivl_0", 0 0, L_0000011e98165a90;  1 drivers
S_0000011e98167230 .scope generate, "genblk1[6]" "genblk1[6]" 4 38, 4 38 0, S_0000011e980e7420;
 .timescale 0 0;
P_0000011e98106b00 .param/l "i" 0 4 38, +C4<0110>;
S_0000011e98167d20 .scope generate, "shifted_bit_gen" "shifted_bit_gen" 4 39, 4 39 0, S_0000011e98167230;
 .timescale 0 0;
v0000011e98165bd0_0 .net *"_ivl_0", 0 0, L_0000011e98166d50;  1 drivers
S_0000011e98167b90 .scope generate, "genblk1[7]" "genblk1[7]" 4 38, 4 38 0, S_0000011e980e7420;
 .timescale 0 0;
P_0000011e98106c40 .param/l "i" 0 4 38, +C4<0111>;
S_0000011e981673c0 .scope generate, "shifted_bit_gen" "shifted_bit_gen" 4 39, 4 39 0, S_0000011e98167b90;
 .timescale 0 0;
v0000011e981668f0_0 .net *"_ivl_0", 0 0, L_0000011e98166f30;  1 drivers
S_0000011e9816af60 .scope module, "i4" "right_shift_of_N_by_S_using_right_shift_operation" 3 13, 4 55 0, S_0000011e980f4030;
 .timescale 0 0;
    .port_info 0 /INPUT 8 "a";
    .port_info 1 /OUTPUT 8 "res";
P_0000011e980d7bb0 .param/l "N" 0 4 56, +C4<00000000000000000000000000001000>;
P_0000011e980d7be8 .param/l "S" 0 4 56, +C4<00000000000000000000000000000011>;
v0000011e98166210_0 .net *"_ivl_2", 4 0, L_0000011e98165130;  1 drivers
L_0000011e981a01f0 .functor BUFT 1, C4<000>, C4<0>, C4<0>, C4<0>;
v0000011e98166ad0_0 .net *"_ivl_4", 2 0, L_0000011e981a01f0;  1 drivers
v0000011e98166cb0_0 .net "a", 7 0, v0000011e98165f90_0;  alias, 1 drivers
v0000011e98165450_0 .net "res", 7 0, L_0000011e981651d0;  alias, 1 drivers
L_0000011e98165130 .part v0000011e98165f90_0, 3, 5;
L_0000011e981651d0 .concat [ 5 3 0 0], L_0000011e98165130, L_0000011e981a01f0;
S_0000011e9816a600 .scope module, "i5" "right_shift_of_N_by_S_using_concatenation" 3 16, 4 71 0, S_0000011e980f4030;
 .timescale 0 0;
    .port_info 0 /INPUT 8 "a";
    .port_info 1 /OUTPUT 8 "res";
P_0000011e980d80b0 .param/l "N" 0 4 72, +C4<00000000000000000000000000001000>;
P_0000011e980d80e8 .param/l "S" 0 4 72, +C4<00000000000000000000000000000011>;
L_0000011e981a0238 .functor BUFT 1, C4<000>, C4<0>, C4<0>, C4<0>;
v0000011e98165d10_0 .net/2u *"_ivl_0", 2 0, L_0000011e981a0238;  1 drivers
v0000011e981660d0_0 .net *"_ivl_3", 4 0, L_0000011e98165810;  1 drivers
v0000011e981665d0_0 .net "a", 7 0, v0000011e98165f90_0;  alias, 1 drivers
v0000011e98165630_0 .net "res", 7 0, L_0000011e981654f0;  alias, 1 drivers
L_0000011e98165810 .part v0000011e98165f90_0, 3, 5;
L_0000011e981654f0 .concat [ 5 3 0 0], L_0000011e98165810, L_0000011e981a0238;
S_0000011e9816a790 .scope module, "i6" "right_shift_of_N_by_S_using_for_inside_always" 3 19, 4 86 0, S_0000011e980f4030;
 .timescale 0 0;
    .port_info 0 /INPUT 8 "a";
    .port_info 1 /OUTPUT 8 "res";
P_0000011e980d84b0 .param/l "N" 0 4 87, +C4<00000000000000000000000000001000>;
P_0000011e980d84e8 .param/l "S" 0 4 87, +C4<00000000000000000000000000000011>;
v0000011e98166df0_0 .net "a", 7 0, v0000011e98165f90_0;  alias, 1 drivers
v0000011e981662b0_0 .var "res", 7 0;
S_0000011e9816b0f0 .scope begin, "$ivl_for_loop1" "$ivl_for_loop1" 4 96, 4 96 0, S_0000011e9816a790;
 .timescale 0 0;
v0000011e98166670_0 .var/2s "i", 31 0;
S_0000011e9816ac40 .scope module, "i7" "right_shift_of_N_by_S_using_for_inside_generate" 3 22, 4 101 0, S_0000011e980f4030;
 .timescale 0 0;
    .port_info 0 /INPUT 8 "a";
    .port_info 1 /OUTPUT 8 "res";
P_0000011e980d77b0 .param/l "N" 0 4 102, +C4<00000000000000000000000000001000>;
P_0000011e980d77e8 .param/l "S" 0 4 102, +C4<00000000000000000000000000000011>;
v0000011e98165e50_0 .net "a", 7 0, v0000011e98165f90_0;  alias, 1 drivers
v0000011e98166490_0 .net "res", 7 0, L_0000011e9816f700;  alias, 1 drivers
L_0000011e981658b0 .part v0000011e98165f90_0, 3, 1;
L_0000011e9816ef80 .part v0000011e98165f90_0, 4, 1;
L_0000011e9816de00 .part v0000011e98165f90_0, 5, 1;
L_0000011e9816dea0 .part v0000011e98165f90_0, 6, 1;
L_0000011e9816d9a0 .part v0000011e98165f90_0, 7, 1;
LS_0000011e9816f700_0_0 .concat8 [ 1 1 1 1], L_0000011e981658b0, L_0000011e9816ef80, L_0000011e9816de00, L_0000011e9816dea0;
L_0000011e981a0280 .functor BUFT 1, C4<0>, C4<0>, C4<0>, C4<0>;
L_0000011e981a02c8 .functor BUFT 1, C4<0>, C4<0>, C4<0>, C4<0>;
L_0000011e981a0310 .functor BUFT 1, C4<0>, C4<0>, C4<0>, C4<0>;
LS_0000011e9816f700_0_4 .concat8 [ 1 1 1 1], L_0000011e9816d9a0, L_0000011e981a0280, L_0000011e981a02c8, L_0000011e981a0310;
L_0000011e9816f700 .concat8 [ 4 4 0 0], LS_0000011e9816f700_0_0, LS_0000011e9816f700_0_4;
S_0000011e9816a150 .scope generate, "genblk1[0]" "genblk1[0]" 4 113, 4 113 0, S_0000011e9816ac40;
 .timescale 0 0;
P_0000011e981066c0 .param/l "i" 0 4 113, +C4<00>;
S_0000011e9816add0 .scope generate, "zero_bit_gen" "zero_bit_gen" 4 114, 4 114 0, S_0000011e9816a150;
 .timescale 0 0;
v0000011e98165b30_0 .net *"_ivl_0", 0 0, L_0000011e981658b0;  1 drivers
S_0000011e98169b10 .scope generate, "genblk1[1]" "genblk1[1]" 4 113, 4 113 0, S_0000011e9816ac40;
 .timescale 0 0;
P_0000011e98106d00 .param/l "i" 0 4 113, +C4<01>;
S_0000011e98169660 .scope generate, "zero_bit_gen" "zero_bit_gen" 4 114, 4 114 0, S_0000011e98169b10;
 .timescale 0 0;
v0000011e98165310_0 .net *"_ivl_0", 0 0, L_0000011e9816ef80;  1 drivers
S_0000011e981697f0 .scope generate, "genblk1[2]" "genblk1[2]" 4 113, 4 113 0, S_0000011e9816ac40;
 .timescale 0 0;
P_0000011e98106580 .param/l "i" 0 4 113, +C4<010>;
S_0000011e9816b280 .scope generate, "zero_bit_gen" "zero_bit_gen" 4 114, 4 114 0, S_0000011e981697f0;
 .timescale 0 0;
v0000011e981659f0_0 .net *"_ivl_0", 0 0, L_0000011e9816de00;  1 drivers
S_0000011e981694d0 .scope generate, "genblk1[3]" "genblk1[3]" 4 113, 4 113 0, S_0000011e9816ac40;
 .timescale 0 0;
P_0000011e98106840 .param/l "i" 0 4 113, +C4<011>;
S_0000011e9816a920 .scope generate, "zero_bit_gen" "zero_bit_gen" 4 114, 4 114 0, S_0000011e981694d0;
 .timescale 0 0;
v0000011e98165ef0_0 .net *"_ivl_0", 0 0, L_0000011e9816dea0;  1 drivers
S_0000011e98169ca0 .scope generate, "genblk1[4]" "genblk1[4]" 4 113, 4 113 0, S_0000011e9816ac40;
 .timescale 0 0;
P_0000011e98107100 .param/l "i" 0 4 113, +C4<0100>;
S_0000011e9816aab0 .scope generate, "zero_bit_gen" "zero_bit_gen" 4 114, 4 114 0, S_0000011e98169ca0;
 .timescale 0 0;
v0000011e98165c70_0 .net *"_ivl_0", 0 0, L_0000011e9816d9a0;  1 drivers
S_0000011e98169e30 .scope generate, "genblk1[5]" "genblk1[5]" 4 113, 4 113 0, S_0000011e9816ac40;
 .timescale 0 0;
P_0000011e98106d40 .param/l "i" 0 4 113, +C4<0101>;
S_0000011e98169fc0 .scope generate, "shifted_bit_gen" "shifted_bit_gen" 4 114, 4 114 0, S_0000011e98169e30;
 .timescale 0 0;
v0000011e981667b0_0 .net/2u *"_ivl_0", 0 0, L_0000011e981a0280;  1 drivers
S_0000011e98169980 .scope generate, "genblk1[6]" "genblk1[6]" 4 113, 4 113 0, S_0000011e9816ac40;
 .timescale 0 0;
P_0000011e98106d80 .param/l "i" 0 4 113, +C4<0110>;
S_0000011e9816a2e0 .scope generate, "shifted_bit_gen" "shifted_bit_gen" 4 114, 4 114 0, S_0000011e98169980;
 .timescale 0 0;
v0000011e98166850_0 .net/2u *"_ivl_0", 0 0, L_0000011e981a02c8;  1 drivers
S_0000011e9816a470 .scope generate, "genblk1[7]" "genblk1[7]" 4 113, 4 113 0, S_0000011e9816ac40;
 .timescale 0 0;
P_0000011e98106dc0 .param/l "i" 0 4 113, +C4<0111>;
S_0000011e9816d6a0 .scope generate, "shifted_bit_gen" "shifted_bit_gen" 4 114, 4 114 0, S_0000011e9816a470;
 .timescale 0 0;
v0000011e981663f0_0 .net/2u *"_ivl_0", 0 0, L_0000011e981a0310;  1 drivers
    .scope S_0000011e980eabe0;
T_0 ;
Ewait_0 .event/or E_0000011e98107040, E_0x0;
    %wait Ewait_0;
    %fork t_1, S_0000011e980ead70;
    %jmp t_0;
    .scope S_0000011e980ead70;
t_1 ;
    %pushi/vec4 0, 0, 32;
    %store/vec4 v0000011e98103470_0, 0, 32;
T_0.0 ;
    %load/vec4 v0000011e98103470_0;
    %cmpi/s 8, 0, 32;
    %jmp/0xz T_0.1, 5;
    %load/vec4 v0000011e98103470_0;
    %cmpi/s 3, 0, 32;
    %flag_mov 8, 5;
    %jmp/0 T_0.2, 8;
    %pushi/vec4 0, 0, 1;
    %jmp/1 T_0.3, 8;
T_0.2 ; End of true expr.
    %load/vec4 v0000011e981653b0_0;
    %load/vec4 v0000011e98103470_0;
    %subi 3, 0, 32;
    %part/s 1;
    %jmp/0 T_0.3, 8;
 ; End of false expr.
    %blend;
T_0.3;
    %ix/getv/s 4, v0000011e98103470_0;
    %store/vec4 v0000011e98165090_0, 4, 1;
    ; show_stmt_assign_vector: Get l-value for compressed += operand
    %load/vec4 v0000011e98103470_0;
    %pushi/vec4 1, 0, 32;
    %add;
    %cast2;
    %store/vec4 v0000011e98103470_0, 0, 32;
    %jmp T_0.0;
T_0.1 ;
    %end;
    .scope S_0000011e980eabe0;
t_0 %join;
    %jmp T_0;
    .thread T_0, $push;
    .scope S_0000011e9816a790;
T_1 ;
Ewait_1 .event/or E_0000011e98107040, E_0x0;
    %wait Ewait_1;
    %fork t_3, S_0000011e9816b0f0;
    %jmp t_2;
    .scope S_0000011e9816b0f0;
t_3 ;
    %pushi/vec4 0, 0, 32;
    %store/vec4 v0000011e98166670_0, 0, 32;
T_1.0 ;
    %load/vec4 v0000011e98166670_0;
    %cmpi/s 8, 0, 32;
    %jmp/0xz T_1.1, 5;
    %load/vec4 v0000011e98166670_0;
    %cmpi/s 5, 0, 32;
    %flag_mov 8, 5;
    %jmp/0 T_1.2, 8;
    %load/vec4 v0000011e98166df0_0;
    %load/vec4 v0000011e98166670_0;
    %addi 3, 0, 32;
    %part/s 1;
    %jmp/1 T_1.3, 8;
T_1.2 ; End of true expr.
    %pushi/vec4 0, 0, 1;
    %jmp/0 T_1.3, 8;
 ; End of false expr.
    %blend;
T_1.3;
    %ix/getv/s 4, v0000011e98166670_0;
    %store/vec4 v0000011e981662b0_0, 4, 1;
    ; show_stmt_assign_vector: Get l-value for compressed += operand
    %load/vec4 v0000011e98166670_0;
    %pushi/vec4 1, 0, 32;
    %add;
    %cast2;
    %store/vec4 v0000011e98166670_0, 0, 32;
    %jmp T_1.0;
T_1.1 ;
    %end;
    .scope S_0000011e9816a790;
t_2 %join;
    %jmp T_1;
    .thread T_1, $push;
    .scope S_0000011e980f4030;
T_2 ;
    %pushi/vec4 20, 0, 32;
T_2.0 %dup/vec4;
    %pushi/vec4 0, 0, 32;
    %cmp/s;
    %jmp/1xz T_2.1, 5;
    %jmp/1 T_2.1, 4;
    %pushi/vec4 1, 0, 32;
    %sub;
    %vpi_func 3 28 "$urandom" 32 {0 0 0};
    %pad/u 8;
    %store/vec4 v0000011e98165f90_0, 0, 8;
    %delay 1, 0;
    %vpi_call/w 3 31 "$write", "TEST %b", v0000011e98165f90_0 {0 0 0};
    %fork t_5, S_0000011e980e8bf0;
    %jmp t_4;
    .scope S_0000011e980e8bf0;
t_5 ;
    %pushi/vec4 0, 0, 32;
    %store/vec4 v0000011e98102d90_0, 0, 32;
T_2.2 ;
    %load/vec4 v0000011e98102d90_0;
    %cmpi/s 8, 0, 32;
    %jmp/0xz T_2.3, 5;
    %vpi_call/w 3 34 "$write", " %b", &A<v0000011e98165270, v0000011e98102d90_0 > {0 0 0};
    ; show_stmt_assign_vector: Get l-value for compressed += operand
    %load/vec4 v0000011e98102d90_0;
    %pushi/vec4 1, 0, 32;
    %add;
    %cast2;
    %store/vec4 v0000011e98102d90_0, 0, 32;
    %jmp T_2.2;
T_2.3 ;
    %end;
    .scope S_0000011e980f4030;
t_4 %join;
    %vpi_call/w 3 36 "$display" {0 0 0};
    %fork t_7, S_0000011e980e8d80;
    %jmp t_6;
    .scope S_0000011e980e8d80;
t_7 ;
    %pushi/vec4 0, 0, 32;
    %store/vec4 v0000011e98103150_0, 0, 32;
T_2.4 ;
    %load/vec4 v0000011e98103150_0;
    %cmpi/s 8, 0, 32;
    %jmp/0xz T_2.5, 5;
    %ix/getv/s 4, v0000011e98103150_0;
    %load/vec4a v0000011e98165270, 4;
    %load/vec4 v0000011e98103150_0;
    %pushi/vec4 4, 0, 32;
    %div/s;
    %muli 4, 0, 32;
    %ix/vec4/s 4;
    %load/vec4a v0000011e98165270, 4;
    %cmp/ne;
    %jmp/0xz  T_2.6, 6;
    %vpi_call/w 3 41 "$display", "FAIL %s - see above", "testbench.sv" {0 0 0};
    %vpi_call/w 3 42 "$finish" {0 0 0};
T_2.6 ;
    ; show_stmt_assign_vector: Get l-value for compressed += operand
    %load/vec4 v0000011e98103150_0;
    %pushi/vec4 1, 0, 32;
    %add;
    %cast2;
    %store/vec4 v0000011e98103150_0, 0, 32;
    %jmp T_2.4;
T_2.5 ;
    %end;
    .scope S_0000011e980f4030;
t_6 %join;
    %jmp T_2.0;
T_2.1 ;
    %pop/vec4 1;
    %vpi_call/w 3 46 "$display", "PASS %s", "testbench.sv" {0 0 0};
    %vpi_call/w 3 47 "$finish" {0 0 0};
    %end;
    .thread T_2;
# The file index is used to find the file name in the following table.
:file_names 5;
    "N/A";
    "<interactive>";
    "-";
    "testbench.sv";
    "04_04_four_ways_of_doing_shift.sv";
