#! /c/Source/iverilog-install/bin/vvp
:ivl_version "12.0 (devel)" "(s20150603-1539-g2693dd32b)";
:ivl_delay_selection "TYPICAL";
:vpi_time_precision + 0;
:vpi_module "C:\iverilog\lib\ivl\system.vpi";
:vpi_module "C:\iverilog\lib\ivl\vhdl_sys.vpi";
:vpi_module "C:\iverilog\lib\ivl\vhdl_textio.vpi";
:vpi_module "C:\iverilog\lib\ivl\v2005_math.vpi";
:vpi_module "C:\iverilog\lib\ivl\va_math.vpi";
:vpi_module "C:\iverilog\lib\ivl\v2009.vpi";
S_0000023d6a903b40 .scope package, "$unit" "$unit" 2 1;
 .timescale 0 0;
S_0000023d6a906b60 .scope module, "add" "add" 3 5;
 .timescale 0 0;
    .port_info 0 /INPUT 4 "a";
    .port_info 1 /INPUT 4 "b";
    .port_info 2 /OUTPUT 4 "sum";
o0000023d6a915fd8 .functor BUFZ 4, C4<zzzz>; HiZ drive
v0000023d6a8d2cc0_0 .net "a", 3 0, o0000023d6a915fd8;  0 drivers
o0000023d6a916008 .functor BUFZ 4, C4<zzzz>; HiZ drive
v0000023d6a8d2f00_0 .net "b", 3 0, o0000023d6a916008;  0 drivers
v0000023d6aa9c6f0_0 .net "sum", 3 0, L_0000023d6a96ee40;  1 drivers
L_0000023d6a96ee40 .arith/sum 4, o0000023d6a915fd8, o0000023d6a916008;
S_0000023d6a906cf0 .scope module, "testbench" "testbench" 4 1;
 .timescale 0 0;
v0000023d6a96e580_0 .var/s "a", 3 0;
v0000023d6a96eda0_0 .var/s "b", 3 0;
v0000023d6a96e120_0 .net "overflow", 0 0, L_0000023d6a90bf10;  1 drivers
v0000023d6a96e080_0 .net/s "sum", 3 0, L_0000023d6a96e760;  1 drivers
S_0000023d6a904670 .scope module, "inst" "signed_add_with_overflow" 4 6, 3 19 0, S_0000023d6a906cf0;
 .timescale 0 0;
    .port_info 0 /INPUT 4 "a";
    .port_info 1 /INPUT 4 "b";
    .port_info 2 /OUTPUT 4 "sum";
    .port_info 3 /OUTPUT 1 "overflow";
L_0000023d6a90bf10 .functor XOR 1, L_0000023d6a96e9e0, L_0000023d6a96ea80, C4<0>, C4<0>;
v0000023d6a8f5ca0_0 .net *"_ivl_1", 0 0, L_0000023d6a96eee0;  1 drivers
v0000023d6a906e80_0 .net *"_ivl_13", 0 0, L_0000023d6a96e9e0;  1 drivers
v0000023d6a906f20_0 .net *"_ivl_15", 0 0, L_0000023d6a96ea80;  1 drivers
v0000023d6a8d2510_0 .net *"_ivl_2", 4 0, L_0000023d6a96e8a0;  1 drivers
v0000023d6a8d25b0_0 .net *"_ivl_5", 0 0, L_0000023d6a96e1c0;  1 drivers
v0000023d6a8d2650_0 .net *"_ivl_6", 4 0, L_0000023d6a96e6c0;  1 drivers
v0000023d6a8d26f0_0 .net "a", 3 0, v0000023d6a96e580_0;  1 drivers
v0000023d6a8d2790_0 .net "b", 3 0, v0000023d6a96eda0_0;  1 drivers
v0000023d6a96e440_0 .net "full_sum", 4 0, L_0000023d6a96e940;  1 drivers
v0000023d6a96e620_0 .net "overflow", 0 0, L_0000023d6a90bf10;  alias, 1 drivers
v0000023d6a96ebc0_0 .net "sum", 3 0, L_0000023d6a96e760;  alias, 1 drivers
L_0000023d6a96eee0 .part v0000023d6a96e580_0, 3, 1;
L_0000023d6a96e8a0 .concat [ 4 1 0 0], v0000023d6a96e580_0, L_0000023d6a96eee0;
L_0000023d6a96e1c0 .part v0000023d6a96eda0_0, 3, 1;
L_0000023d6a96e6c0 .concat [ 4 1 0 0], v0000023d6a96eda0_0, L_0000023d6a96e1c0;
L_0000023d6a96e940 .arith/sum 5, L_0000023d6a96e8a0, L_0000023d6a96e6c0;
L_0000023d6a96e760 .part L_0000023d6a96e940, 0, 4;
L_0000023d6a96e9e0 .part L_0000023d6a96e940, 4, 1;
L_0000023d6a96ea80 .part L_0000023d6a96e940, 3, 1;
S_0000023d6a96f040 .scope task, "test" "test" 4 9, 4 9 0, S_0000023d6a906cf0;
 .timescale 0 0;
v0000023d6a96ec60_0 .var "t_a", 3 0;
v0000023d6a96e800_0 .var "t_b", 3 0;
v0000023d6a96ef80_0 .var "t_overflow", 0 0;
v0000023d6a96ed00_0 .var "t_sum", 3 0;
TD_testbench.test ;
    %load/vec4 v0000023d6a96ec60_0;
    %load/vec4 v0000023d6a96e800_0;
    %add;
    %store/vec4 v0000023d6a96ed00_0, 0, 4;
    %load/vec4 v0000023d6a96ec60_0;
    %load/vec4 v0000023d6a96e800_0;
    %concat/vec4; draw_concat_vec4
    %split/vec4 4;
    %store/vec4 v0000023d6a96eda0_0, 0, 4;
    %store/vec4 v0000023d6a96e580_0, 0, 4;
    %delay 1, 0;
    %vpi_call/w 4 23 "$write", "TEST %d + %d = ", v0000023d6a96e580_0, v0000023d6a96eda0_0 {0 0 0};
    %load/vec4 v0000023d6a96e120_0;
    %cmpi/e 1, 0, 1;
    %jmp/0xz  T_0.0, 6;
    %vpi_call/w 4 26 "$display", "overflow" {0 0 0};
    %jmp T_0.1;
T_0.0 ;
    %load/vec4 v0000023d6a96e120_0;
    %cmpi/e 0, 0, 1;
    %jmp/0xz  T_0.2, 6;
    %vpi_call/w 4 28 "$display", "%d", v0000023d6a96e080_0 {0 0 0};
    %jmp T_0.3;
T_0.2 ;
    %vpi_call/w 4 31 "$display", "\012FAIL %s: overflow is %X", "testbench.sv", v0000023d6a96e120_0 {0 0 0};
    %vpi_call/w 4 34 "$finish" {0 0 0};
T_0.3 ;
T_0.1 ;
    %load/vec4 v0000023d6a96e120_0;
    %load/vec4 v0000023d6a96ef80_0;
    %cmp/ne;
    %jmp/0xz  T_0.4, 6;
    %load/vec4 v0000023d6a96ef80_0;
    %flag_set/vec4 8;
    %jmp/0 T_0.6, 8;
    %pushi/vec4 0, 0, 24; draw_string_vec4
    %jmp/1 T_0.7, 8;
T_0.6 ; End of true expr.
    %pushi/vec4 7237408, 0, 24; draw_string_vec4
    %jmp/0 T_0.7, 8;
 ; End of false expr.
    %blend;
T_0.7;
    %vpi_call/w 4 39 "$display", "FAIL %s: EXPECTED %soverflow", "testbench.sv", S<0,vec4,u24> {1 0 0};
    %vpi_call/w 4 42 "$finish" {0 0 0};
    %jmp T_0.5;
T_0.4 ;
    %load/vec4 v0000023d6a96e080_0;
    %load/vec4 v0000023d6a96ed00_0;
    %cmp/ne;
    %jmp/0xz  T_0.8, 6;
    %vpi_call/w 4 46 "$display", "FAIL %s: EXPECTED sum %d", "testbench.sv", v0000023d6a96ed00_0 {0 0 0};
    %vpi_call/w 4 48 "$finish" {0 0 0};
T_0.8 ;
T_0.5 ;
    %end;
    .scope S_0000023d6a906cf0;
T_1 ;
    %vpi_call/w 4 54 "$dumpfile", "dump.vcd" {0 0 0};
    %vpi_call/w 4 55 "$dumpvars", 32'sb00000000000000000000000000000000, S_0000023d6a906cf0 {0 0 0};
    %end;
    .thread T_1;
    .scope S_0000023d6a906cf0;
T_2 ;
    %pushi/vec4 0, 0, 4;
    %store/vec4 v0000023d6a96ec60_0, 0, 4;
    %pushi/vec4 0, 0, 4;
    %store/vec4 v0000023d6a96e800_0, 0, 4;
    %pushi/vec4 0, 0, 1;
    %store/vec4 v0000023d6a96ef80_0, 0, 1;
    %fork TD_testbench.test, S_0000023d6a96f040;
    %join;
    %pushi/vec4 1, 0, 4;
    %store/vec4 v0000023d6a96ec60_0, 0, 4;
    %pushi/vec4 2, 0, 4;
    %store/vec4 v0000023d6a96e800_0, 0, 4;
    %pushi/vec4 0, 0, 1;
    %store/vec4 v0000023d6a96ef80_0, 0, 1;
    %fork TD_testbench.test, S_0000023d6a96f040;
    %join;
    %pushi/vec4 1, 0, 4;
    %store/vec4 v0000023d6a96ec60_0, 0, 4;
    %pushi/vec4 14, 0, 4;
    %store/vec4 v0000023d6a96e800_0, 0, 4;
    %pushi/vec4 0, 0, 1;
    %store/vec4 v0000023d6a96ef80_0, 0, 1;
    %fork TD_testbench.test, S_0000023d6a96f040;
    %join;
    %pushi/vec4 15, 0, 4;
    %store/vec4 v0000023d6a96ec60_0, 0, 4;
    %pushi/vec4 2, 0, 4;
    %store/vec4 v0000023d6a96e800_0, 0, 4;
    %pushi/vec4 0, 0, 1;
    %store/vec4 v0000023d6a96ef80_0, 0, 1;
    %fork TD_testbench.test, S_0000023d6a96f040;
    %join;
    %pushi/vec4 15, 0, 4;
    %store/vec4 v0000023d6a96ec60_0, 0, 4;
    %pushi/vec4 14, 0, 4;
    %store/vec4 v0000023d6a96e800_0, 0, 4;
    %pushi/vec4 0, 0, 1;
    %store/vec4 v0000023d6a96ef80_0, 0, 1;
    %fork TD_testbench.test, S_0000023d6a96f040;
    %join;
    %pushi/vec4 4, 0, 4;
    %store/vec4 v0000023d6a96ec60_0, 0, 4;
    %pushi/vec4 7, 0, 4;
    %store/vec4 v0000023d6a96e800_0, 0, 4;
    %pushi/vec4 1, 0, 1;
    %store/vec4 v0000023d6a96ef80_0, 0, 1;
    %fork TD_testbench.test, S_0000023d6a96f040;
    %join;
    %pushi/vec4 4, 0, 4;
    %store/vec4 v0000023d6a96ec60_0, 0, 4;
    %pushi/vec4 9, 0, 4;
    %store/vec4 v0000023d6a96e800_0, 0, 4;
    %pushi/vec4 0, 0, 1;
    %store/vec4 v0000023d6a96ef80_0, 0, 1;
    %fork TD_testbench.test, S_0000023d6a96f040;
    %join;
    %pushi/vec4 12, 0, 4;
    %store/vec4 v0000023d6a96ec60_0, 0, 4;
    %pushi/vec4 7, 0, 4;
    %store/vec4 v0000023d6a96e800_0, 0, 4;
    %pushi/vec4 0, 0, 1;
    %store/vec4 v0000023d6a96ef80_0, 0, 1;
    %fork TD_testbench.test, S_0000023d6a96f040;
    %join;
    %pushi/vec4 12, 0, 4;
    %store/vec4 v0000023d6a96ec60_0, 0, 4;
    %pushi/vec4 9, 0, 4;
    %store/vec4 v0000023d6a96e800_0, 0, 4;
    %pushi/vec4 1, 0, 1;
    %store/vec4 v0000023d6a96ef80_0, 0, 1;
    %fork TD_testbench.test, S_0000023d6a96f040;
    %join;
    %pushi/vec4 3, 0, 4;
    %store/vec4 v0000023d6a96ec60_0, 0, 4;
    %pushi/vec4 5, 0, 4;
    %store/vec4 v0000023d6a96e800_0, 0, 4;
    %pushi/vec4 1, 0, 1;
    %store/vec4 v0000023d6a96ef80_0, 0, 1;
    %fork TD_testbench.test, S_0000023d6a96f040;
    %join;
    %pushi/vec4 3, 0, 4;
    %store/vec4 v0000023d6a96ec60_0, 0, 4;
    %pushi/vec4 11, 0, 4;
    %store/vec4 v0000023d6a96e800_0, 0, 4;
    %pushi/vec4 0, 0, 1;
    %store/vec4 v0000023d6a96ef80_0, 0, 1;
    %fork TD_testbench.test, S_0000023d6a96f040;
    %join;
    %pushi/vec4 13, 0, 4;
    %store/vec4 v0000023d6a96ec60_0, 0, 4;
    %pushi/vec4 5, 0, 4;
    %store/vec4 v0000023d6a96e800_0, 0, 4;
    %pushi/vec4 0, 0, 1;
    %store/vec4 v0000023d6a96ef80_0, 0, 1;
    %fork TD_testbench.test, S_0000023d6a96f040;
    %join;
    %pushi/vec4 13, 0, 4;
    %store/vec4 v0000023d6a96ec60_0, 0, 4;
    %pushi/vec4 11, 0, 4;
    %store/vec4 v0000023d6a96e800_0, 0, 4;
    %pushi/vec4 0, 0, 1;
    %store/vec4 v0000023d6a96ef80_0, 0, 1;
    %fork TD_testbench.test, S_0000023d6a96f040;
    %join;
    %pushi/vec4 3, 0, 4;
    %store/vec4 v0000023d6a96ec60_0, 0, 4;
    %pushi/vec4 6, 0, 4;
    %store/vec4 v0000023d6a96e800_0, 0, 4;
    %pushi/vec4 1, 0, 1;
    %store/vec4 v0000023d6a96ef80_0, 0, 1;
    %fork TD_testbench.test, S_0000023d6a96f040;
    %join;
    %pushi/vec4 3, 0, 4;
    %store/vec4 v0000023d6a96ec60_0, 0, 4;
    %pushi/vec4 10, 0, 4;
    %store/vec4 v0000023d6a96e800_0, 0, 4;
    %pushi/vec4 0, 0, 1;
    %store/vec4 v0000023d6a96ef80_0, 0, 1;
    %fork TD_testbench.test, S_0000023d6a96f040;
    %join;
    %pushi/vec4 13, 0, 4;
    %store/vec4 v0000023d6a96ec60_0, 0, 4;
    %pushi/vec4 6, 0, 4;
    %store/vec4 v0000023d6a96e800_0, 0, 4;
    %pushi/vec4 0, 0, 1;
    %store/vec4 v0000023d6a96ef80_0, 0, 1;
    %fork TD_testbench.test, S_0000023d6a96f040;
    %join;
    %pushi/vec4 13, 0, 4;
    %store/vec4 v0000023d6a96ec60_0, 0, 4;
    %pushi/vec4 10, 0, 4;
    %store/vec4 v0000023d6a96e800_0, 0, 4;
    %pushi/vec4 1, 0, 1;
    %store/vec4 v0000023d6a96ef80_0, 0, 1;
    %fork TD_testbench.test, S_0000023d6a96f040;
    %join;
    %pushi/vec4 2, 0, 4;
    %store/vec4 v0000023d6a96ec60_0, 0, 4;
    %pushi/vec4 1, 0, 4;
    %store/vec4 v0000023d6a96e800_0, 0, 4;
    %pushi/vec4 0, 0, 1;
    %store/vec4 v0000023d6a96ef80_0, 0, 1;
    %fork TD_testbench.test, S_0000023d6a96f040;
    %join;
    %pushi/vec4 14, 0, 4;
    %store/vec4 v0000023d6a96ec60_0, 0, 4;
    %pushi/vec4 1, 0, 4;
    %store/vec4 v0000023d6a96e800_0, 0, 4;
    %pushi/vec4 0, 0, 1;
    %store/vec4 v0000023d6a96ef80_0, 0, 1;
    %fork TD_testbench.test, S_0000023d6a96f040;
    %join;
    %pushi/vec4 2, 0, 4;
    %store/vec4 v0000023d6a96ec60_0, 0, 4;
    %pushi/vec4 15, 0, 4;
    %store/vec4 v0000023d6a96e800_0, 0, 4;
    %pushi/vec4 0, 0, 1;
    %store/vec4 v0000023d6a96ef80_0, 0, 1;
    %fork TD_testbench.test, S_0000023d6a96f040;
    %join;
    %pushi/vec4 14, 0, 4;
    %store/vec4 v0000023d6a96ec60_0, 0, 4;
    %pushi/vec4 15, 0, 4;
    %store/vec4 v0000023d6a96e800_0, 0, 4;
    %pushi/vec4 0, 0, 1;
    %store/vec4 v0000023d6a96ef80_0, 0, 1;
    %fork TD_testbench.test, S_0000023d6a96f040;
    %join;
    %pushi/vec4 7, 0, 4;
    %store/vec4 v0000023d6a96ec60_0, 0, 4;
    %pushi/vec4 4, 0, 4;
    %store/vec4 v0000023d6a96e800_0, 0, 4;
    %pushi/vec4 1, 0, 1;
    %store/vec4 v0000023d6a96ef80_0, 0, 1;
    %fork TD_testbench.test, S_0000023d6a96f040;
    %join;
    %pushi/vec4 9, 0, 4;
    %store/vec4 v0000023d6a96ec60_0, 0, 4;
    %pushi/vec4 4, 0, 4;
    %store/vec4 v0000023d6a96e800_0, 0, 4;
    %pushi/vec4 0, 0, 1;
    %store/vec4 v0000023d6a96ef80_0, 0, 1;
    %fork TD_testbench.test, S_0000023d6a96f040;
    %join;
    %pushi/vec4 7, 0, 4;
    %store/vec4 v0000023d6a96ec60_0, 0, 4;
    %pushi/vec4 12, 0, 4;
    %store/vec4 v0000023d6a96e800_0, 0, 4;
    %pushi/vec4 0, 0, 1;
    %store/vec4 v0000023d6a96ef80_0, 0, 1;
    %fork TD_testbench.test, S_0000023d6a96f040;
    %join;
    %pushi/vec4 9, 0, 4;
    %store/vec4 v0000023d6a96ec60_0, 0, 4;
    %pushi/vec4 12, 0, 4;
    %store/vec4 v0000023d6a96e800_0, 0, 4;
    %pushi/vec4 1, 0, 1;
    %store/vec4 v0000023d6a96ef80_0, 0, 1;
    %fork TD_testbench.test, S_0000023d6a96f040;
    %join;
    %pushi/vec4 5, 0, 4;
    %store/vec4 v0000023d6a96ec60_0, 0, 4;
    %pushi/vec4 3, 0, 4;
    %store/vec4 v0000023d6a96e800_0, 0, 4;
    %pushi/vec4 1, 0, 1;
    %store/vec4 v0000023d6a96ef80_0, 0, 1;
    %fork TD_testbench.test, S_0000023d6a96f040;
    %join;
    %pushi/vec4 11, 0, 4;
    %store/vec4 v0000023d6a96ec60_0, 0, 4;
    %pushi/vec4 3, 0, 4;
    %store/vec4 v0000023d6a96e800_0, 0, 4;
    %pushi/vec4 0, 0, 1;
    %store/vec4 v0000023d6a96ef80_0, 0, 1;
    %fork TD_testbench.test, S_0000023d6a96f040;
    %join;
    %pushi/vec4 5, 0, 4;
    %store/vec4 v0000023d6a96ec60_0, 0, 4;
    %pushi/vec4 13, 0, 4;
    %store/vec4 v0000023d6a96e800_0, 0, 4;
    %pushi/vec4 0, 0, 1;
    %store/vec4 v0000023d6a96ef80_0, 0, 1;
    %fork TD_testbench.test, S_0000023d6a96f040;
    %join;
    %pushi/vec4 11, 0, 4;
    %store/vec4 v0000023d6a96ec60_0, 0, 4;
    %pushi/vec4 13, 0, 4;
    %store/vec4 v0000023d6a96e800_0, 0, 4;
    %pushi/vec4 0, 0, 1;
    %store/vec4 v0000023d6a96ef80_0, 0, 1;
    %fork TD_testbench.test, S_0000023d6a96f040;
    %join;
    %pushi/vec4 6, 0, 4;
    %store/vec4 v0000023d6a96ec60_0, 0, 4;
    %pushi/vec4 3, 0, 4;
    %store/vec4 v0000023d6a96e800_0, 0, 4;
    %pushi/vec4 1, 0, 1;
    %store/vec4 v0000023d6a96ef80_0, 0, 1;
    %fork TD_testbench.test, S_0000023d6a96f040;
    %join;
    %pushi/vec4 10, 0, 4;
    %store/vec4 v0000023d6a96ec60_0, 0, 4;
    %pushi/vec4 3, 0, 4;
    %store/vec4 v0000023d6a96e800_0, 0, 4;
    %pushi/vec4 0, 0, 1;
    %store/vec4 v0000023d6a96ef80_0, 0, 1;
    %fork TD_testbench.test, S_0000023d6a96f040;
    %join;
    %pushi/vec4 6, 0, 4;
    %store/vec4 v0000023d6a96ec60_0, 0, 4;
    %pushi/vec4 13, 0, 4;
    %store/vec4 v0000023d6a96e800_0, 0, 4;
    %pushi/vec4 0, 0, 1;
    %store/vec4 v0000023d6a96ef80_0, 0, 1;
    %fork TD_testbench.test, S_0000023d6a96f040;
    %join;
    %pushi/vec4 10, 0, 4;
    %store/vec4 v0000023d6a96ec60_0, 0, 4;
    %pushi/vec4 13, 0, 4;
    %store/vec4 v0000023d6a96e800_0, 0, 4;
    %pushi/vec4 1, 0, 1;
    %store/vec4 v0000023d6a96ef80_0, 0, 1;
    %fork TD_testbench.test, S_0000023d6a96f040;
    %join;
    %pushi/vec4 1, 0, 4;
    %store/vec4 v0000023d6a96ec60_0, 0, 4;
    %pushi/vec4 1, 0, 4;
    %store/vec4 v0000023d6a96e800_0, 0, 4;
    %pushi/vec4 0, 0, 1;
    %store/vec4 v0000023d6a96ef80_0, 0, 1;
    %fork TD_testbench.test, S_0000023d6a96f040;
    %join;
    %pushi/vec4 1, 0, 4;
    %store/vec4 v0000023d6a96ec60_0, 0, 4;
    %pushi/vec4 15, 0, 4;
    %store/vec4 v0000023d6a96e800_0, 0, 4;
    %pushi/vec4 0, 0, 1;
    %store/vec4 v0000023d6a96ef80_0, 0, 1;
    %fork TD_testbench.test, S_0000023d6a96f040;
    %join;
    %pushi/vec4 15, 0, 4;
    %store/vec4 v0000023d6a96ec60_0, 0, 4;
    %pushi/vec4 1, 0, 4;
    %store/vec4 v0000023d6a96e800_0, 0, 4;
    %pushi/vec4 0, 0, 1;
    %store/vec4 v0000023d6a96ef80_0, 0, 1;
    %fork TD_testbench.test, S_0000023d6a96f040;
    %join;
    %pushi/vec4 15, 0, 4;
    %store/vec4 v0000023d6a96ec60_0, 0, 4;
    %pushi/vec4 15, 0, 4;
    %store/vec4 v0000023d6a96e800_0, 0, 4;
    %pushi/vec4 0, 0, 1;
    %store/vec4 v0000023d6a96ef80_0, 0, 1;
    %fork TD_testbench.test, S_0000023d6a96f040;
    %join;
    %pushi/vec4 4, 0, 4;
    %store/vec4 v0000023d6a96ec60_0, 0, 4;
    %pushi/vec4 4, 0, 4;
    %store/vec4 v0000023d6a96e800_0, 0, 4;
    %pushi/vec4 1, 0, 1;
    %store/vec4 v0000023d6a96ef80_0, 0, 1;
    %fork TD_testbench.test, S_0000023d6a96f040;
    %join;
    %pushi/vec4 4, 0, 4;
    %store/vec4 v0000023d6a96ec60_0, 0, 4;
    %pushi/vec4 12, 0, 4;
    %store/vec4 v0000023d6a96e800_0, 0, 4;
    %pushi/vec4 0, 0, 1;
    %store/vec4 v0000023d6a96ef80_0, 0, 1;
    %fork TD_testbench.test, S_0000023d6a96f040;
    %join;
    %pushi/vec4 12, 0, 4;
    %store/vec4 v0000023d6a96ec60_0, 0, 4;
    %pushi/vec4 4, 0, 4;
    %store/vec4 v0000023d6a96e800_0, 0, 4;
    %pushi/vec4 0, 0, 1;
    %store/vec4 v0000023d6a96ef80_0, 0, 1;
    %fork TD_testbench.test, S_0000023d6a96f040;
    %join;
    %pushi/vec4 12, 0, 4;
    %store/vec4 v0000023d6a96ec60_0, 0, 4;
    %pushi/vec4 12, 0, 4;
    %store/vec4 v0000023d6a96e800_0, 0, 4;
    %pushi/vec4 0, 0, 1;
    %store/vec4 v0000023d6a96ef80_0, 0, 1;
    %fork TD_testbench.test, S_0000023d6a96f040;
    %join;
    %vpi_call/w 4 112 "$display", "PASS %s", "testbench.sv" {0 0 0};
    %vpi_call/w 4 113 "$finish" {0 0 0};
    %end;
    .thread T_2;
# The file index is used to find the file name in the following table.
:file_names 5;
    "N/A";
    "<interactive>";
    "-";
    "04_01_signed_add_with_overflow.sv";
    "testbench.sv";
