#! /c/Source/iverilog-install/bin/vvp
:ivl_version "12.0 (devel)" "(s20150603-1539-g2693dd32b)";
:ivl_delay_selection "TYPICAL";
:vpi_time_precision + 0;
:vpi_module "C:\iverilog\lib\ivl\system.vpi";
:vpi_module "C:\iverilog\lib\ivl\vhdl_sys.vpi";
:vpi_module "C:\iverilog\lib\ivl\vhdl_textio.vpi";
:vpi_module "C:\iverilog\lib\ivl\v2005_math.vpi";
:vpi_module "C:\iverilog\lib\ivl\va_math.vpi";
:vpi_module "C:\iverilog\lib\ivl\v2009.vpi";
S_0000016790465080 .scope package, "$unit" "$unit" 2 1;
 .timescale 0 0;
S_000001679045b780 .scope module, "testbench" "testbench" 3 1;
 .timescale 0 0;
P_0000016790446cf0 .param/l "N" 1 3 3, +C4<00000000000000000000000000001000>;
P_0000016790446d28 .param/l "S" 1 3 3, +C4<00000000000000000000000000000011>;
v0000016790463580_0 .var/s "a", 7 0;
v00000167904c2da0 .array "res", 3 0;
v00000167904c2da0_0 .net/s v00000167904c2da0 0, 7 0, L_00000167904c3de0; 1 drivers
v00000167904c2da0_1 .net/s v00000167904c2da0 1, 7 0, L_00000167904c3e80; 1 drivers
v00000167904c2da0_2 .net/s v00000167904c2da0 2, 7 0, v0000016790463120_0; 1 drivers
v00000167904c2da0_3 .net/s v00000167904c2da0 3, 7 0, L_00000167904c24e0; 1 drivers
S_000001679045b910 .scope begin, "$ivl_for_loop1" "$ivl_for_loop1" 3 28, 3 28 0, S_000001679045b780;
 .timescale 0 0;
v0000016790462fe0_0 .var/2s "i", 31 0;
S_00000167902fdd90 .scope begin, "$ivl_for_loop2" "$ivl_for_loop2" 3 33, 3 33 0, S_000001679045b780;
 .timescale 0 0;
v0000016790463bc0_0 .var/2s "i", 31 0;
S_00000167902fdf20 .scope module, "i4" "arithmetic_right_shift_of_N_by_S_using_arithmetic_right_shift_operation" 3 8, 4 5 0, S_000001679045b780;
 .timescale 0 0;
    .port_info 0 /INPUT 8 "a";
    .port_info 1 /OUTPUT 8 "res";
P_0000016790446670 .param/l "N" 0 4 6, +C4<00000000000000000000000000001000>;
P_00000167904466a8 .param/l "S" 0 4 6, +C4<00000000000000000000000000000011>;
L_0000016790461f40 .functor BUFZ 8, v0000016790463580_0, C4<00000000>, C4<00000000>, C4<00000000>;
v0000016790463080_0 .net *"_ivl_4", 4 0, L_00000167904c32a0;  1 drivers
v0000016790463300_0 .net "a", 7 0, v0000016790463580_0;  1 drivers
v0000016790463d00_0 .net/s "as", 7 0, L_0000016790461f40;  1 drivers
v0000016790463da0_0 .net "res", 7 0, L_00000167904c3de0;  alias, 1 drivers
L_00000167904c32a0 .part L_0000016790461f40, 3, 5;
L_00000167904c3de0 .extend/s 8, L_00000167904c32a0;
S_0000016790422560 .scope module, "i5" "arithmetic_right_shift_of_N_by_S_using_concatenation" 3 11, 4 18 0, S_000001679045b780;
 .timescale 0 0;
    .port_info 0 /INPUT 8 "a";
    .port_info 1 /OUTPUT 8 "res";
P_00000167904464f0 .param/l "N" 0 4 19, +C4<00000000000000000000000000001000>;
P_0000016790446528 .param/l "S" 0 4 19, +C4<00000000000000000000000000000011>;
L_0000016790462090 .functor BUFZ 8, v0000016790463580_0, C4<00000000>, C4<00000000>, C4<00000000>;
v0000016790463440_0 .net *"_ivl_4", 4 0, L_00000167904c2760;  1 drivers
v0000016790463e40_0 .net "a", 7 0, v0000016790463580_0;  alias, 1 drivers
v0000016790463a80_0 .net/s "as", 7 0, L_0000016790462090;  1 drivers
v00000167904636c0_0 .net "res", 7 0, L_00000167904c3e80;  alias, 1 drivers
L_00000167904c2760 .part L_0000016790462090, 3, 5;
L_00000167904c3e80 .extend/s 8, L_00000167904c2760;
S_00000167904226f0 .scope module, "i6" "arithmetic_right_shift_of_N_by_S_using_for_inside_always" 3 14, 4 33 0, S_000001679045b780;
 .timescale 0 0;
    .port_info 0 /INPUT 8 "a";
    .port_info 1 /OUTPUT 8 "res";
P_0000016790446870 .param/l "N" 0 4 34, +C4<00000000000000000000000000001000>;
P_00000167904468a8 .param/l "S" 0 4 34, +C4<00000000000000000000000000000011>;
v0000016790463ee0_0 .net "a", 7 0, v0000016790463580_0;  alias, 1 drivers
v0000016790463120_0 .var "res", 7 0;
E_0000016790465df0 .event anyedge, v0000016790463300_0, v0000016790463300_0;
S_0000016790456a70 .scope begin, "$ivl_for_loop0" "$ivl_for_loop0" 4 44, 4 44 0, S_00000167904226f0;
 .timescale 0 0;
v00000167904639e0_0 .var/2s "i", 31 0;
S_0000016790456c00 .scope module, "i7" "arithmetic_right_shift_of_N_by_S_using_for_inside_generate" 3 17, 4 49 0, S_000001679045b780;
 .timescale 0 0;
    .port_info 0 /INPUT 8 "a";
    .port_info 1 /OUTPUT 8 "res";
P_0000016790446d70 .param/l "N" 0 4 50, +C4<00000000000000000000000000001000>;
P_0000016790446da8 .param/l "S" 0 4 50, +C4<00000000000000000000000000000011>;
v0000016790463260_0 .net "a", 7 0, v0000016790463580_0;  alias, 1 drivers
v00000167904634e0_0 .net "res", 7 0, L_00000167904c24e0;  alias, 1 drivers
L_00000167904c3840 .part v0000016790463580_0, 3, 1;
L_00000167904c3ca0 .part v0000016790463580_0, 4, 1;
L_00000167904c2f80 .part v0000016790463580_0, 5, 1;
L_00000167904c3020 .part v0000016790463580_0, 6, 1;
L_00000167904c29e0 .part v0000016790463580_0, 7, 1;
L_00000167904c4100 .part v0000016790463580_0, 7, 1;
L_00000167904c38e0 .part v0000016790463580_0, 7, 1;
LS_00000167904c24e0_0_0 .concat8 [ 1 1 1 1], L_00000167904c3840, L_00000167904c3ca0, L_00000167904c2f80, L_00000167904c3020;
LS_00000167904c24e0_0_4 .concat8 [ 1 1 1 1], L_00000167904c29e0, L_00000167904c4100, L_00000167904c38e0, L_00000167904c3d40;
L_00000167904c24e0 .concat8 [ 4 4 0 0], LS_00000167904c24e0_0_0, LS_00000167904c24e0_0_4;
L_00000167904c3d40 .part v0000016790463580_0, 7, 1;
S_0000016790456d90 .scope generate, "genblk1[0]" "genblk1[0]" 4 59, 4 59 0, S_0000016790456c00;
 .timescale 0 0;
P_0000016790465cb0 .param/l "i" 0 4 59, +C4<00>;
S_00000167904bfc00 .scope generate, "zero_bit_gen" "zero_bit_gen" 4 60, 4 60 0, S_0000016790456d90;
 .timescale 0 0;
v00000167904631c0_0 .net *"_ivl_0", 0 0, L_00000167904c3840;  1 drivers
S_00000167904bfd90 .scope generate, "genblk1[1]" "genblk1[1]" 4 59, 4 59 0, S_0000016790456c00;
 .timescale 0 0;
P_0000016790465970 .param/l "i" 0 4 59, +C4<01>;
S_00000167904bff20 .scope generate, "zero_bit_gen" "zero_bit_gen" 4 60, 4 60 0, S_00000167904bfd90;
 .timescale 0 0;
v0000016790463800_0 .net *"_ivl_0", 0 0, L_00000167904c3ca0;  1 drivers
S_00000167904c00b0 .scope generate, "genblk1[2]" "genblk1[2]" 4 59, 4 59 0, S_0000016790456c00;
 .timescale 0 0;
P_00000167904661f0 .param/l "i" 0 4 59, +C4<010>;
S_00000167904c0240 .scope generate, "zero_bit_gen" "zero_bit_gen" 4 60, 4 60 0, S_00000167904c00b0;
 .timescale 0 0;
v00000167904633a0_0 .net *"_ivl_0", 0 0, L_00000167904c2f80;  1 drivers
S_00000167904c0f10 .scope generate, "genblk1[3]" "genblk1[3]" 4 59, 4 59 0, S_0000016790456c00;
 .timescale 0 0;
P_0000016790465f30 .param/l "i" 0 4 59, +C4<011>;
S_00000167904c10a0 .scope generate, "zero_bit_gen" "zero_bit_gen" 4 60, 4 60 0, S_00000167904c0f10;
 .timescale 0 0;
v00000167904638a0_0 .net *"_ivl_0", 0 0, L_00000167904c3020;  1 drivers
S_00000167904c1230 .scope generate, "genblk1[4]" "genblk1[4]" 4 59, 4 59 0, S_0000016790456c00;
 .timescale 0 0;
P_0000016790465a30 .param/l "i" 0 4 59, +C4<0100>;
S_00000167904c0420 .scope generate, "zero_bit_gen" "zero_bit_gen" 4 60, 4 60 0, S_00000167904c1230;
 .timescale 0 0;
v0000016790463b20_0 .net *"_ivl_0", 0 0, L_00000167904c29e0;  1 drivers
S_00000167904c05b0 .scope generate, "genblk1[5]" "genblk1[5]" 4 59, 4 59 0, S_0000016790456c00;
 .timescale 0 0;
P_00000167904660f0 .param/l "i" 0 4 59, +C4<0101>;
S_00000167904c0740 .scope generate, "shifted_bit_gen" "shifted_bit_gen" 4 60, 4 60 0, S_00000167904c05b0;
 .timescale 0 0;
v0000016790463620_0 .net *"_ivl_0", 0 0, L_00000167904c4100;  1 drivers
S_00000167904c08d0 .scope generate, "genblk1[6]" "genblk1[6]" 4 59, 4 59 0, S_0000016790456c00;
 .timescale 0 0;
P_0000016790465a70 .param/l "i" 0 4 59, +C4<0110>;
S_00000167904c0bf0 .scope generate, "shifted_bit_gen" "shifted_bit_gen" 4 60, 4 60 0, S_00000167904c08d0;
 .timescale 0 0;
v0000016790463760_0 .net *"_ivl_0", 0 0, L_00000167904c38e0;  1 drivers
S_00000167904c0a60 .scope generate, "genblk1[7]" "genblk1[7]" 4 59, 4 59 0, S_0000016790456c00;
 .timescale 0 0;
P_00000167904653b0 .param/l "i" 0 4 59, +C4<0111>;
S_00000167904c0d80 .scope generate, "shifted_bit_gen" "shifted_bit_gen" 4 60, 4 60 0, S_00000167904c0a60;
 .timescale 0 0;
v0000016790463940_0 .net *"_ivl_0", 0 0, L_00000167904c3d40;  1 drivers
    .scope S_00000167904226f0;
T_0 ;
Ewait_0 .event/or E_0000016790465df0, E_0x0;
    %wait Ewait_0;
    %fork t_1, S_0000016790456a70;
    %jmp t_0;
    .scope S_0000016790456a70;
t_1 ;
    %pushi/vec4 0, 0, 32;
    %store/vec4 v00000167904639e0_0, 0, 32;
T_0.0 ;
    %load/vec4 v00000167904639e0_0;
    %cmpi/s 8, 0, 32;
    %jmp/0xz T_0.1, 5;
    %load/vec4 v00000167904639e0_0;
    %cmpi/s 5, 0, 32;
    %flag_mov 8, 5;
    %jmp/0 T_0.2, 8;
    %load/vec4 v0000016790463ee0_0;
    %load/vec4 v00000167904639e0_0;
    %addi 3, 0, 32;
    %part/s 1;
    %jmp/1 T_0.3, 8;
T_0.2 ; End of true expr.
    %load/vec4 v0000016790463ee0_0;
    %parti/s 1, 7, 4;
    %jmp/0 T_0.3, 8;
 ; End of false expr.
    %blend;
T_0.3;
    %ix/getv/s 4, v00000167904639e0_0;
    %store/vec4 v0000016790463120_0, 4, 1;
    ; show_stmt_assign_vector: Get l-value for compressed += operand
    %load/vec4 v00000167904639e0_0;
    %pushi/vec4 1, 0, 32;
    %add;
    %cast2;
    %store/vec4 v00000167904639e0_0, 0, 32;
    %jmp T_0.0;
T_0.1 ;
    %end;
    .scope S_00000167904226f0;
t_0 %join;
    %jmp T_0;
    .thread T_0, $push;
    .scope S_000001679045b780;
T_1 ;
    %pushi/vec4 20, 0, 32;
T_1.0 %dup/vec4;
    %pushi/vec4 0, 0, 32;
    %cmp/s;
    %jmp/1xz T_1.1, 5;
    %jmp/1 T_1.1, 4;
    %pushi/vec4 1, 0, 32;
    %sub;
    %vpi_func 3 23 "$urandom" 32 {0 0 0};
    %pad/u 8;
    %store/vec4 v0000016790463580_0, 0, 8;
    %delay 1, 0;
    %vpi_call/w 3 26 "$write", "TEST %d %b", v0000016790463580_0, v0000016790463580_0 {0 0 0};
    %fork t_3, S_000001679045b910;
    %jmp t_2;
    .scope S_000001679045b910;
t_3 ;
    %pushi/vec4 0, 0, 32;
    %store/vec4 v0000016790462fe0_0, 0, 32;
T_1.2 ;
    %load/vec4 v0000016790462fe0_0;
    %cmpi/s 4, 0, 32;
    %jmp/0xz T_1.3, 5;
    %vpi_call/w 3 29 "$write", " %d %b", &A<v00000167904c2da0, v0000016790462fe0_0 >, &A<v00000167904c2da0, v0000016790462fe0_0 > {0 0 0};
    ; show_stmt_assign_vector: Get l-value for compressed += operand
    %load/vec4 v0000016790462fe0_0;
    %pushi/vec4 1, 0, 32;
    %add;
    %cast2;
    %store/vec4 v0000016790462fe0_0, 0, 32;
    %jmp T_1.2;
T_1.3 ;
    %end;
    .scope S_000001679045b780;
t_2 %join;
    %vpi_call/w 3 31 "$display" {0 0 0};
    %fork t_5, S_00000167902fdd90;
    %jmp t_4;
    .scope S_00000167902fdd90;
t_5 ;
    %pushi/vec4 1, 0, 32;
    %store/vec4 v0000016790463bc0_0, 0, 32;
T_1.4 ;
    %load/vec4 v0000016790463bc0_0;
    %cmpi/s 4, 0, 32;
    %jmp/0xz T_1.5, 5;
    %ix/getv/s 4, v0000016790463bc0_0;
    %load/vec4a v00000167904c2da0, 4;
    %ix/load 4, 0, 0;
    %flag_set/imm 4, 0;
    %load/vec4a v00000167904c2da0, 4;
    %cmp/ne;
    %jmp/0xz  T_1.6, 6;
    %vpi_call/w 3 36 "$display", "FAIL %s. EXPECTED %d %b", "testbench.sv", v00000167904c2da0_0, v00000167904c2da0_0 {0 0 0};
    %vpi_call/w 3 39 "$finish" {0 0 0};
T_1.6 ;
    ; show_stmt_assign_vector: Get l-value for compressed += operand
    %load/vec4 v0000016790463bc0_0;
    %pushi/vec4 1, 0, 32;
    %add;
    %cast2;
    %store/vec4 v0000016790463bc0_0, 0, 32;
    %jmp T_1.4;
T_1.5 ;
    %end;
    .scope S_000001679045b780;
t_4 %join;
    %jmp T_1.0;
T_1.1 ;
    %pop/vec4 1;
    %vpi_call/w 3 53 "$display", "PASS %s", "testbench.sv" {0 0 0};
    %vpi_call/w 3 54 "$finish" {0 0 0};
    %end;
    .thread T_1;
# The file index is used to find the file name in the following table.
:file_names 5;
    "N/A";
    "<interactive>";
    "-";
    "testbench.sv";
    "04_06_arithmetic_shift_or_signed_divide_by_power_of_2.sv";
