#! /c/Source/iverilog-install/bin/vvp
:ivl_version "12.0 (devel)" "(s20150603-1539-g2693dd32b)";
:ivl_delay_selection "TYPICAL";
:vpi_time_precision + 0;
:vpi_module "C:\iverilog\lib\ivl\system.vpi";
:vpi_module "C:\iverilog\lib\ivl\vhdl_sys.vpi";
:vpi_module "C:\iverilog\lib\ivl\vhdl_textio.vpi";
:vpi_module "C:\iverilog\lib\ivl\v2005_math.vpi";
:vpi_module "C:\iverilog\lib\ivl\va_math.vpi";
:vpi_module "C:\iverilog\lib\ivl\v2009.vpi";
S_000001c6c9f53c40 .scope package, "$unit" "$unit" 2 1;
 .timescale 0 0;
S_000001c6c9f56eb0 .scope module, "add" "add" 3 5;
 .timescale 0 0;
    .port_info 0 /INPUT 4 "a";
    .port_info 1 /INPUT 4 "b";
    .port_info 2 /OUTPUT 4 "sum";
o000001c6c9f67fe8 .functor BUFZ 4, C4<zzzz>; HiZ drive
v000001c6c9f22ce0_0 .net "a", 3 0, o000001c6c9f67fe8;  0 drivers
o000001c6c9f68018 .functor BUFZ 4, C4<zzzz>; HiZ drive
v000001c6c9fbe890_0 .net "b", 3 0, o000001c6c9f68018;  0 drivers
v000001c6c9fbe390_0 .net "sum", 3 0, L_000001c6c9fc0520;  1 drivers
L_000001c6c9fc0520 .arith/sum 4, o000001c6c9f67fe8, o000001c6c9f68018;
S_000001c6c9f57040 .scope module, "testbench" "testbench" 4 1;
 .timescale 0 0;
v000001c6c9fbf6c0_0 .var/s "a", 3 0;
v000001c6c9fbf4e0_0 .var/s "b", 3 0;
v000001c6c9fbf080_0 .net/s "sum", 3 0, L_000001c6c9fbf260;  1 drivers
S_000001c6c9f22510 .scope module, "inst" "signed_add_with_saturation" 4 5, 3 19 0, S_000001c6c9f57040;
 .timescale 0 0;
    .port_info 0 /INPUT 4 "a";
    .port_info 1 /INPUT 4 "b";
    .port_info 2 /OUTPUT 4 "sum";
P_000001c6ca04dda0 .param/l "MAX_POS" 1 3 40, C4<0111>;
P_000001c6ca04ddd8 .param/l "MIN_NEG" 1 3 41, C4<1000>;
L_000001c6ca04aef0 .functor XOR 1, L_000001c6c9fc0840, L_000001c6c9fc0020, C4<0>, C4<0>;
L_000001c6ca04acc0 .functor XNOR 1, L_000001c6c9fc0340, L_000001c6c9fc0480, C4<0>, C4<0>;
v000001c6c9fbe9d0_0 .net *"_ivl_1", 0 0, L_000001c6c9fbf3a0;  1 drivers
v000001c6c9fbe610_0 .net *"_ivl_11", 0 0, L_000001c6c9fc0840;  1 drivers
v000001c6c9fbef70_0 .net *"_ivl_13", 0 0, L_000001c6c9fc0020;  1 drivers
v000001c6c9fbe4d0_0 .net *"_ivl_17", 0 0, L_000001c6c9fc0340;  1 drivers
v000001c6c9fbe570_0 .net *"_ivl_19", 0 0, L_000001c6c9fc0480;  1 drivers
v000001c6c9fbe1b0_0 .net *"_ivl_2", 4 0, L_000001c6c9fc03e0;  1 drivers
v000001c6c9fbe930_0 .net *"_ivl_20", 0 0, L_000001c6ca04acc0;  1 drivers
v000001c6c9fbe6b0_0 .net *"_ivl_23", 0 0, L_000001c6c9fbf1c0;  1 drivers
L_000001c6c9fc1048 .functor BUFT 1, C4<1000>, C4<0>, C4<0>, C4<0>;
v000001c6c9fbe7f0_0 .net/2u *"_ivl_24", 3 0, L_000001c6c9fc1048;  1 drivers
L_000001c6c9fc1090 .functor BUFT 1, C4<0111>, C4<0>, C4<0>, C4<0>;
v000001c6c9fbe430_0 .net/2u *"_ivl_26", 3 0, L_000001c6c9fc1090;  1 drivers
v000001c6c9fbe750_0 .net *"_ivl_28", 3 0, L_000001c6c9fbf760;  1 drivers
v000001c6c9fbebb0_0 .net *"_ivl_31", 3 0, L_000001c6c9fc0d40;  1 drivers
v000001c6c9fbec50_0 .net *"_ivl_32", 3 0, L_000001c6c9fbf9e0;  1 drivers
v000001c6c9fbea70_0 .net *"_ivl_35", 3 0, L_000001c6c9fc0ca0;  1 drivers
v000001c6c9fbeb10_0 .net *"_ivl_5", 0 0, L_000001c6c9fbf300;  1 drivers
v000001c6c9fbecf0_0 .net *"_ivl_6", 4 0, L_000001c6c9fbf120;  1 drivers
v000001c6c9fbe250_0 .net "a", 3 0, v000001c6c9fbf6c0_0;  1 drivers
v000001c6c9fbe070_0 .net "b", 3 0, v000001c6c9fbf4e0_0;  1 drivers
v000001c6c9fbed90_0 .net "full_sum", 4 0, L_000001c6c9fbf440;  1 drivers
v000001c6c9fbe2f0_0 .net "overflow", 0 0, L_000001c6ca04aef0;  1 drivers
v000001c6c9fbee30_0 .net "sum", 3 0, L_000001c6c9fbf260;  alias, 1 drivers
L_000001c6c9fbf3a0 .part v000001c6c9fbf6c0_0, 3, 1;
L_000001c6c9fc03e0 .concat [ 4 1 0 0], v000001c6c9fbf6c0_0, L_000001c6c9fbf3a0;
L_000001c6c9fbf300 .part v000001c6c9fbf4e0_0, 3, 1;
L_000001c6c9fbf120 .concat [ 4 1 0 0], v000001c6c9fbf4e0_0, L_000001c6c9fbf300;
L_000001c6c9fbf440 .arith/sum 5, L_000001c6c9fc03e0, L_000001c6c9fbf120;
L_000001c6c9fc0840 .part L_000001c6c9fbf440, 4, 1;
L_000001c6c9fc0020 .part L_000001c6c9fbf440, 3, 1;
L_000001c6c9fc0340 .part v000001c6c9fbf6c0_0, 3, 1;
L_000001c6c9fc0480 .part v000001c6c9fbf4e0_0, 3, 1;
L_000001c6c9fbf1c0 .part v000001c6c9fbf6c0_0, 3, 1;
L_000001c6c9fbf760 .functor MUXZ 4, L_000001c6c9fc1090, L_000001c6c9fc1048, L_000001c6c9fbf1c0, C4<>;
L_000001c6c9fc0d40 .part L_000001c6c9fbf440, 0, 4;
L_000001c6c9fbf9e0 .functor MUXZ 4, L_000001c6c9fc0d40, L_000001c6c9fbf760, L_000001c6ca04acc0, C4<>;
L_000001c6c9fc0ca0 .part L_000001c6c9fbf440, 0, 4;
L_000001c6c9fbf260 .functor MUXZ 4, L_000001c6c9fc0ca0, L_000001c6c9fbf9e0, L_000001c6ca04aef0, C4<>;
S_000001c6c9f226a0 .scope task, "test" "test" 4 8, 4 8 0, S_000001c6c9f57040;
 .timescale 0 0;
v000001c6c9fbeed0_0 .var "t_a", 3 0;
v000001c6c9fbe110_0 .var "t_b", 3 0;
v000001c6c9fc07a0_0 .var "t_sum", 3 0;
TD_testbench.test ;
    %load/vec4 v000001c6c9fbeed0_0;
    %load/vec4 v000001c6c9fbe110_0;
    %concat/vec4; draw_concat_vec4
    %split/vec4 4;
    %store/vec4 v000001c6c9fbf4e0_0, 0, 4;
    %store/vec4 v000001c6c9fbf6c0_0, 0, 4;
    %delay 1, 0;
    %vpi_call/w 4 17 "$display", "TEST %d + %d = %d", v000001c6c9fbf6c0_0, v000001c6c9fbf4e0_0, v000001c6c9fbf080_0 {0 0 0};
    %load/vec4 v000001c6c9fbf080_0;
    %load/vec4 v000001c6c9fc07a0_0;
    %cmp/ne;
    %jmp/0xz  T_0.0, 6;
    %vpi_call/w 4 21 "$display", "FAIL %s: %d EXPECTED", "testbench.sv", v000001c6c9fc07a0_0 {0 0 0};
    %vpi_call/w 4 22 "$finish" {0 0 0};
T_0.0 ;
    %end;
    .scope S_000001c6c9f57040;
T_1 ;
    %vpi_call/w 4 28 "$dumpfile", "dump.vcd" {0 0 0};
    %vpi_call/w 4 29 "$dumpvars", 32'sb00000000000000000000000000000000, S_000001c6c9f57040 {0 0 0};
    %end;
    .thread T_1;
    .scope S_000001c6c9f57040;
T_2 ;
    %pushi/vec4 0, 0, 4;
    %store/vec4 v000001c6c9fbeed0_0, 0, 4;
    %pushi/vec4 0, 0, 4;
    %store/vec4 v000001c6c9fbe110_0, 0, 4;
    %pushi/vec4 0, 0, 4;
    %store/vec4 v000001c6c9fc07a0_0, 0, 4;
    %fork TD_testbench.test, S_000001c6c9f226a0;
    %join;
    %pushi/vec4 1, 0, 4;
    %store/vec4 v000001c6c9fbeed0_0, 0, 4;
    %pushi/vec4 2, 0, 4;
    %store/vec4 v000001c6c9fbe110_0, 0, 4;
    %pushi/vec4 3, 0, 4;
    %store/vec4 v000001c6c9fc07a0_0, 0, 4;
    %fork TD_testbench.test, S_000001c6c9f226a0;
    %join;
    %pushi/vec4 1, 0, 4;
    %store/vec4 v000001c6c9fbeed0_0, 0, 4;
    %pushi/vec4 14, 0, 4;
    %store/vec4 v000001c6c9fbe110_0, 0, 4;
    %pushi/vec4 15, 0, 4;
    %store/vec4 v000001c6c9fc07a0_0, 0, 4;
    %fork TD_testbench.test, S_000001c6c9f226a0;
    %join;
    %pushi/vec4 15, 0, 4;
    %store/vec4 v000001c6c9fbeed0_0, 0, 4;
    %pushi/vec4 2, 0, 4;
    %store/vec4 v000001c6c9fbe110_0, 0, 4;
    %pushi/vec4 1, 0, 4;
    %store/vec4 v000001c6c9fc07a0_0, 0, 4;
    %fork TD_testbench.test, S_000001c6c9f226a0;
    %join;
    %pushi/vec4 15, 0, 4;
    %store/vec4 v000001c6c9fbeed0_0, 0, 4;
    %pushi/vec4 14, 0, 4;
    %store/vec4 v000001c6c9fbe110_0, 0, 4;
    %pushi/vec4 13, 0, 4;
    %store/vec4 v000001c6c9fc07a0_0, 0, 4;
    %fork TD_testbench.test, S_000001c6c9f226a0;
    %join;
    %pushi/vec4 4, 0, 4;
    %store/vec4 v000001c6c9fbeed0_0, 0, 4;
    %pushi/vec4 7, 0, 4;
    %store/vec4 v000001c6c9fbe110_0, 0, 4;
    %pushi/vec4 7, 0, 4;
    %store/vec4 v000001c6c9fc07a0_0, 0, 4;
    %fork TD_testbench.test, S_000001c6c9f226a0;
    %join;
    %pushi/vec4 4, 0, 4;
    %store/vec4 v000001c6c9fbeed0_0, 0, 4;
    %pushi/vec4 9, 0, 4;
    %store/vec4 v000001c6c9fbe110_0, 0, 4;
    %pushi/vec4 13, 0, 4;
    %store/vec4 v000001c6c9fc07a0_0, 0, 4;
    %fork TD_testbench.test, S_000001c6c9f226a0;
    %join;
    %pushi/vec4 12, 0, 4;
    %store/vec4 v000001c6c9fbeed0_0, 0, 4;
    %pushi/vec4 7, 0, 4;
    %store/vec4 v000001c6c9fbe110_0, 0, 4;
    %pushi/vec4 3, 0, 4;
    %store/vec4 v000001c6c9fc07a0_0, 0, 4;
    %fork TD_testbench.test, S_000001c6c9f226a0;
    %join;
    %pushi/vec4 12, 0, 4;
    %store/vec4 v000001c6c9fbeed0_0, 0, 4;
    %pushi/vec4 9, 0, 4;
    %store/vec4 v000001c6c9fbe110_0, 0, 4;
    %pushi/vec4 8, 0, 4;
    %store/vec4 v000001c6c9fc07a0_0, 0, 4;
    %fork TD_testbench.test, S_000001c6c9f226a0;
    %join;
    %pushi/vec4 3, 0, 4;
    %store/vec4 v000001c6c9fbeed0_0, 0, 4;
    %pushi/vec4 5, 0, 4;
    %store/vec4 v000001c6c9fbe110_0, 0, 4;
    %pushi/vec4 7, 0, 4;
    %store/vec4 v000001c6c9fc07a0_0, 0, 4;
    %fork TD_testbench.test, S_000001c6c9f226a0;
    %join;
    %pushi/vec4 3, 0, 4;
    %store/vec4 v000001c6c9fbeed0_0, 0, 4;
    %pushi/vec4 11, 0, 4;
    %store/vec4 v000001c6c9fbe110_0, 0, 4;
    %pushi/vec4 14, 0, 4;
    %store/vec4 v000001c6c9fc07a0_0, 0, 4;
    %fork TD_testbench.test, S_000001c6c9f226a0;
    %join;
    %pushi/vec4 13, 0, 4;
    %store/vec4 v000001c6c9fbeed0_0, 0, 4;
    %pushi/vec4 5, 0, 4;
    %store/vec4 v000001c6c9fbe110_0, 0, 4;
    %pushi/vec4 2, 0, 4;
    %store/vec4 v000001c6c9fc07a0_0, 0, 4;
    %fork TD_testbench.test, S_000001c6c9f226a0;
    %join;
    %pushi/vec4 13, 0, 4;
    %store/vec4 v000001c6c9fbeed0_0, 0, 4;
    %pushi/vec4 11, 0, 4;
    %store/vec4 v000001c6c9fbe110_0, 0, 4;
    %pushi/vec4 8, 0, 4;
    %store/vec4 v000001c6c9fc07a0_0, 0, 4;
    %fork TD_testbench.test, S_000001c6c9f226a0;
    %join;
    %pushi/vec4 3, 0, 4;
    %store/vec4 v000001c6c9fbeed0_0, 0, 4;
    %pushi/vec4 6, 0, 4;
    %store/vec4 v000001c6c9fbe110_0, 0, 4;
    %pushi/vec4 7, 0, 4;
    %store/vec4 v000001c6c9fc07a0_0, 0, 4;
    %fork TD_testbench.test, S_000001c6c9f226a0;
    %join;
    %pushi/vec4 3, 0, 4;
    %store/vec4 v000001c6c9fbeed0_0, 0, 4;
    %pushi/vec4 10, 0, 4;
    %store/vec4 v000001c6c9fbe110_0, 0, 4;
    %pushi/vec4 13, 0, 4;
    %store/vec4 v000001c6c9fc07a0_0, 0, 4;
    %fork TD_testbench.test, S_000001c6c9f226a0;
    %join;
    %pushi/vec4 13, 0, 4;
    %store/vec4 v000001c6c9fbeed0_0, 0, 4;
    %pushi/vec4 6, 0, 4;
    %store/vec4 v000001c6c9fbe110_0, 0, 4;
    %pushi/vec4 3, 0, 4;
    %store/vec4 v000001c6c9fc07a0_0, 0, 4;
    %fork TD_testbench.test, S_000001c6c9f226a0;
    %join;
    %pushi/vec4 13, 0, 4;
    %store/vec4 v000001c6c9fbeed0_0, 0, 4;
    %pushi/vec4 10, 0, 4;
    %store/vec4 v000001c6c9fbe110_0, 0, 4;
    %pushi/vec4 8, 0, 4;
    %store/vec4 v000001c6c9fc07a0_0, 0, 4;
    %fork TD_testbench.test, S_000001c6c9f226a0;
    %join;
    %pushi/vec4 2, 0, 4;
    %store/vec4 v000001c6c9fbeed0_0, 0, 4;
    %pushi/vec4 1, 0, 4;
    %store/vec4 v000001c6c9fbe110_0, 0, 4;
    %pushi/vec4 3, 0, 4;
    %store/vec4 v000001c6c9fc07a0_0, 0, 4;
    %fork TD_testbench.test, S_000001c6c9f226a0;
    %join;
    %pushi/vec4 14, 0, 4;
    %store/vec4 v000001c6c9fbeed0_0, 0, 4;
    %pushi/vec4 1, 0, 4;
    %store/vec4 v000001c6c9fbe110_0, 0, 4;
    %pushi/vec4 15, 0, 4;
    %store/vec4 v000001c6c9fc07a0_0, 0, 4;
    %fork TD_testbench.test, S_000001c6c9f226a0;
    %join;
    %pushi/vec4 2, 0, 4;
    %store/vec4 v000001c6c9fbeed0_0, 0, 4;
    %pushi/vec4 15, 0, 4;
    %store/vec4 v000001c6c9fbe110_0, 0, 4;
    %pushi/vec4 1, 0, 4;
    %store/vec4 v000001c6c9fc07a0_0, 0, 4;
    %fork TD_testbench.test, S_000001c6c9f226a0;
    %join;
    %pushi/vec4 14, 0, 4;
    %store/vec4 v000001c6c9fbeed0_0, 0, 4;
    %pushi/vec4 15, 0, 4;
    %store/vec4 v000001c6c9fbe110_0, 0, 4;
    %pushi/vec4 13, 0, 4;
    %store/vec4 v000001c6c9fc07a0_0, 0, 4;
    %fork TD_testbench.test, S_000001c6c9f226a0;
    %join;
    %pushi/vec4 7, 0, 4;
    %store/vec4 v000001c6c9fbeed0_0, 0, 4;
    %pushi/vec4 4, 0, 4;
    %store/vec4 v000001c6c9fbe110_0, 0, 4;
    %pushi/vec4 7, 0, 4;
    %store/vec4 v000001c6c9fc07a0_0, 0, 4;
    %fork TD_testbench.test, S_000001c6c9f226a0;
    %join;
    %pushi/vec4 9, 0, 4;
    %store/vec4 v000001c6c9fbeed0_0, 0, 4;
    %pushi/vec4 4, 0, 4;
    %store/vec4 v000001c6c9fbe110_0, 0, 4;
    %pushi/vec4 13, 0, 4;
    %store/vec4 v000001c6c9fc07a0_0, 0, 4;
    %fork TD_testbench.test, S_000001c6c9f226a0;
    %join;
    %pushi/vec4 7, 0, 4;
    %store/vec4 v000001c6c9fbeed0_0, 0, 4;
    %pushi/vec4 12, 0, 4;
    %store/vec4 v000001c6c9fbe110_0, 0, 4;
    %pushi/vec4 3, 0, 4;
    %store/vec4 v000001c6c9fc07a0_0, 0, 4;
    %fork TD_testbench.test, S_000001c6c9f226a0;
    %join;
    %pushi/vec4 9, 0, 4;
    %store/vec4 v000001c6c9fbeed0_0, 0, 4;
    %pushi/vec4 12, 0, 4;
    %store/vec4 v000001c6c9fbe110_0, 0, 4;
    %pushi/vec4 8, 0, 4;
    %store/vec4 v000001c6c9fc07a0_0, 0, 4;
    %fork TD_testbench.test, S_000001c6c9f226a0;
    %join;
    %pushi/vec4 5, 0, 4;
    %store/vec4 v000001c6c9fbeed0_0, 0, 4;
    %pushi/vec4 3, 0, 4;
    %store/vec4 v000001c6c9fbe110_0, 0, 4;
    %pushi/vec4 7, 0, 4;
    %store/vec4 v000001c6c9fc07a0_0, 0, 4;
    %fork TD_testbench.test, S_000001c6c9f226a0;
    %join;
    %pushi/vec4 11, 0, 4;
    %store/vec4 v000001c6c9fbeed0_0, 0, 4;
    %pushi/vec4 3, 0, 4;
    %store/vec4 v000001c6c9fbe110_0, 0, 4;
    %pushi/vec4 14, 0, 4;
    %store/vec4 v000001c6c9fc07a0_0, 0, 4;
    %fork TD_testbench.test, S_000001c6c9f226a0;
    %join;
    %pushi/vec4 5, 0, 4;
    %store/vec4 v000001c6c9fbeed0_0, 0, 4;
    %pushi/vec4 13, 0, 4;
    %store/vec4 v000001c6c9fbe110_0, 0, 4;
    %pushi/vec4 2, 0, 4;
    %store/vec4 v000001c6c9fc07a0_0, 0, 4;
    %fork TD_testbench.test, S_000001c6c9f226a0;
    %join;
    %pushi/vec4 11, 0, 4;
    %store/vec4 v000001c6c9fbeed0_0, 0, 4;
    %pushi/vec4 13, 0, 4;
    %store/vec4 v000001c6c9fbe110_0, 0, 4;
    %pushi/vec4 8, 0, 4;
    %store/vec4 v000001c6c9fc07a0_0, 0, 4;
    %fork TD_testbench.test, S_000001c6c9f226a0;
    %join;
    %pushi/vec4 6, 0, 4;
    %store/vec4 v000001c6c9fbeed0_0, 0, 4;
    %pushi/vec4 3, 0, 4;
    %store/vec4 v000001c6c9fbe110_0, 0, 4;
    %pushi/vec4 7, 0, 4;
    %store/vec4 v000001c6c9fc07a0_0, 0, 4;
    %fork TD_testbench.test, S_000001c6c9f226a0;
    %join;
    %pushi/vec4 10, 0, 4;
    %store/vec4 v000001c6c9fbeed0_0, 0, 4;
    %pushi/vec4 3, 0, 4;
    %store/vec4 v000001c6c9fbe110_0, 0, 4;
    %pushi/vec4 13, 0, 4;
    %store/vec4 v000001c6c9fc07a0_0, 0, 4;
    %fork TD_testbench.test, S_000001c6c9f226a0;
    %join;
    %pushi/vec4 6, 0, 4;
    %store/vec4 v000001c6c9fbeed0_0, 0, 4;
    %pushi/vec4 13, 0, 4;
    %store/vec4 v000001c6c9fbe110_0, 0, 4;
    %pushi/vec4 3, 0, 4;
    %store/vec4 v000001c6c9fc07a0_0, 0, 4;
    %fork TD_testbench.test, S_000001c6c9f226a0;
    %join;
    %pushi/vec4 10, 0, 4;
    %store/vec4 v000001c6c9fbeed0_0, 0, 4;
    %pushi/vec4 13, 0, 4;
    %store/vec4 v000001c6c9fbe110_0, 0, 4;
    %pushi/vec4 8, 0, 4;
    %store/vec4 v000001c6c9fc07a0_0, 0, 4;
    %fork TD_testbench.test, S_000001c6c9f226a0;
    %join;
    %pushi/vec4 1, 0, 4;
    %store/vec4 v000001c6c9fbeed0_0, 0, 4;
    %pushi/vec4 1, 0, 4;
    %store/vec4 v000001c6c9fbe110_0, 0, 4;
    %pushi/vec4 2, 0, 4;
    %store/vec4 v000001c6c9fc07a0_0, 0, 4;
    %fork TD_testbench.test, S_000001c6c9f226a0;
    %join;
    %pushi/vec4 1, 0, 4;
    %store/vec4 v000001c6c9fbeed0_0, 0, 4;
    %pushi/vec4 15, 0, 4;
    %store/vec4 v000001c6c9fbe110_0, 0, 4;
    %pushi/vec4 0, 0, 4;
    %store/vec4 v000001c6c9fc07a0_0, 0, 4;
    %fork TD_testbench.test, S_000001c6c9f226a0;
    %join;
    %pushi/vec4 15, 0, 4;
    %store/vec4 v000001c6c9fbeed0_0, 0, 4;
    %pushi/vec4 1, 0, 4;
    %store/vec4 v000001c6c9fbe110_0, 0, 4;
    %pushi/vec4 0, 0, 4;
    %store/vec4 v000001c6c9fc07a0_0, 0, 4;
    %fork TD_testbench.test, S_000001c6c9f226a0;
    %join;
    %pushi/vec4 15, 0, 4;
    %store/vec4 v000001c6c9fbeed0_0, 0, 4;
    %pushi/vec4 15, 0, 4;
    %store/vec4 v000001c6c9fbe110_0, 0, 4;
    %pushi/vec4 14, 0, 4;
    %store/vec4 v000001c6c9fc07a0_0, 0, 4;
    %fork TD_testbench.test, S_000001c6c9f226a0;
    %join;
    %pushi/vec4 4, 0, 4;
    %store/vec4 v000001c6c9fbeed0_0, 0, 4;
    %pushi/vec4 4, 0, 4;
    %store/vec4 v000001c6c9fbe110_0, 0, 4;
    %pushi/vec4 7, 0, 4;
    %store/vec4 v000001c6c9fc07a0_0, 0, 4;
    %fork TD_testbench.test, S_000001c6c9f226a0;
    %join;
    %pushi/vec4 4, 0, 4;
    %store/vec4 v000001c6c9fbeed0_0, 0, 4;
    %pushi/vec4 12, 0, 4;
    %store/vec4 v000001c6c9fbe110_0, 0, 4;
    %pushi/vec4 0, 0, 4;
    %store/vec4 v000001c6c9fc07a0_0, 0, 4;
    %fork TD_testbench.test, S_000001c6c9f226a0;
    %join;
    %pushi/vec4 12, 0, 4;
    %store/vec4 v000001c6c9fbeed0_0, 0, 4;
    %pushi/vec4 4, 0, 4;
    %store/vec4 v000001c6c9fbe110_0, 0, 4;
    %pushi/vec4 0, 0, 4;
    %store/vec4 v000001c6c9fc07a0_0, 0, 4;
    %fork TD_testbench.test, S_000001c6c9f226a0;
    %join;
    %pushi/vec4 12, 0, 4;
    %store/vec4 v000001c6c9fbeed0_0, 0, 4;
    %pushi/vec4 12, 0, 4;
    %store/vec4 v000001c6c9fbe110_0, 0, 4;
    %pushi/vec4 8, 0, 4;
    %store/vec4 v000001c6c9fc07a0_0, 0, 4;
    %fork TD_testbench.test, S_000001c6c9f226a0;
    %join;
    %vpi_call/w 4 86 "$display", "PASS %s", "testbench.sv" {0 0 0};
    %vpi_call/w 4 87 "$finish" {0 0 0};
    %end;
    .thread T_2;
# The file index is used to find the file name in the following table.
:file_names 5;
    "N/A";
    "<interactive>";
    "-";
    "04_02_signed_add_with_saturation.sv";
    "testbench.sv";
